--------- beginning of /dev/log/main
W/GAV2    (12134): Thread[GAThread,5,main]: Service unavailable (code=1), will retry.
--------- beginning of /dev/log/system
W/ActivityManager( 2361): Unable to start service Intent { act=com.google.android.gms.analytics.service.START (has extras) }: not found
I/GAV2    (12134): Thread[GAThread,5,main]: No campaign data found.
W/GAV2    (12134): Thread[Service Reconnect,5,main]: Service unavailable (code=1), using local store.
W/ActivityManager( 2361): Unable to start service Intent { act=com.google.android.gms.analytics.service.START (has extras) }: not found
D/AndroidRuntime(12171): 
D/AndroidRuntime(12171): >>>>>> AndroidRuntime START com.android.internal.os.RuntimeInit <<<<<<
D/AndroidRuntime(12171): CheckJNI is OFF
D/dalvikvm(12171): Trying to load lib libjavacore.so 0x0
D/dalvikvm(12171): Added shared lib libjavacore.so 0x0
D/dalvikvm(12171): Trying to load lib libnativehelper.so 0x0
D/dalvikvm(12171): Added shared lib libnativehelper.so 0x0
D/AndroidRuntime(12171): Calling main entry com.android.commands.pm.Pm
W/ActivityManager( 2361): No content provider found for permission revoke: file:///data/local/tmp/MainActivity.apk
W/ActivityManager( 2361): No content provider found for permission revoke: file:///data/local/tmp/MainActivity.apk
D/dalvikvm( 2361): GC_CONCURRENT freed 4259K, 29% free 24607K/34631K, paused 5ms+13ms, total 172ms
D/dalvikvm( 2361): WAIT_FOR_CONCURRENT_GC blocked 103ms
D/dalvikvm( 2361): WAIT_FOR_CONCURRENT_GC blocked 106ms
D/Finsky  ( 9351): [1] 5.onFinished: Installation state replication succeeded.
I/PackageManager( 2361): Removing non-system package:com.fairylogic.funfashion
I/ActivityManager( 2361): Force stopping package com.fairylogic.funfashion uid=10145
I/PackageManager( 2361): Running dexopt on: com.fairylogic.funfashion
I/PackageManager( 2361): Package com.fairylogic.funfashion codePath changed from /data/app/com.fairylogic.funfashion-2.apk to /data/app/com.fairylogic.funfashion-1.apk; Retaining data and using new
D/dalvikvm(12182): DexOpt: load 59ms, verify+opt 221ms, 988180 bytes
I/ActivityManager( 2361): Force stopping package com.fairylogic.funfashion uid=10145
W/PackageManager( 2361): Code path for pkg : com.fairylogic.funfashion changing from /data/app/com.fairylogic.funfashion-2.apk to /data/app/com.fairylogic.funfashion-1.apk
W/PackageManager( 2361): Resource path for pkg : com.fairylogic.funfashion changing from /data/app/com.fairylogic.funfashion-2.apk to /data/app/com.fairylogic.funfashion-1.apk
D/PackageManager( 2361): New package installed in /data/app/com.fairylogic.funfashion-1.apk
D/dalvikvm(14780): WAIT_FOR_CONCURRENT_GC blocked 0ms
D/dalvikvm( 4576): WAIT_FOR_CONCURRENT_GC blocked 0ms
I/ActivityManager( 2361): Force stopping package com.fairylogic.funfashion uid=10145
D/dalvikvm(31859): WAIT_FOR_CONCURRENT_GC blocked 0ms
I/SocialEngine( 9306): [main]PluginManager.onReceive: Package com.fairylogic.funfashion was removed
I/InputReader( 2361): Reconfiguring input devices.  changes=0x00000010
D/dalvikvm(31859): GC_EXPLICIT freed 734K, 46% free 8877K/16387K, paused 3ms+5ms, total 64ms
D/dalvikvm( 9454): WAIT_FOR_CONCURRENT_GC blocked 0ms
I/SocialEngine( 9306): [main]PluginManager.onReceive: Package com.fairylogic.funfashion was added
W/ResourceType( 6203): getEntry failing because entryIndex 17 is beyond type entryCount 12
W/ResourceType( 6203): Failure getting entry for 0x7f050011 (t=4 e=17) in package 0 (error -2147483647)
W/Resources( 6203): Converting to string: TypedValue{t=0x1/d=0x7f050011 a=-1 r=0x7f050011}
I/InputReader( 2361): Reconfiguring input devices.  changes=0x00000010
I/AmazonAppstore.UpdateService(10440): Received action: com.amazon.mas.client.framework.UpdateService.APP_WAS_UNINSTALLED from intent: Intent { act=com.amazon.mas.client.framework.UpdateService.APP_WAS_UNINSTALLED cmp=com.amazon.venezia/com.amazon.mas.client.framework.UpdateService (has extras) }
W/ResourceType( 6203): getEntry failing because entryIndex 1128 is beyond type entryCount 272
W/ResourceType( 6203): Failure getting entry for 0x7f020468 (t=1 e=1128) in package 0 (error -2147483647)
E/ExternalAccountType( 6203): Unsupported attribute readOnly
W/ResourceType( 6203): getEntry failing because entryIndex 1 is beyond type entryCount 1
W/ResourceType( 6203): Failure getting entry for 0x7f030001 (t=2 e=1) in package 0 (error -2147483647)
W/ResourceType( 6203): getEntry failing because entryIndex 1 is beyond type entryCount 1
W/ResourceType( 6203): Failure getting entry for 0x7f030001 (t=2 e=1) in package 0 (error -2147483647)
W/ResourceType( 6203): getEntry failing because entryIndex 17 is beyond type entryCount 12
W/ResourceType( 6203): Failure getting entry for 0x7f050011 (t=4 e=17) in package 0 (error -2147483647)
W/Resources( 6203): Converting to string: TypedValue{t=0x1/d=0x7f050011 a=-1 r=0x7f050011}
W/ResourceType( 6203): getEntry failing because entryIndex 1128 is beyond type entryCount 272
W/ResourceType( 6203): Failure getting entry for 0x7f020468 (t=1 e=1128) in package 0 (error -2147483647)
E/ExternalAccountType( 6203): Unsupported attribute readOnly
W/ResourceType( 6203): getEntry failing because entryIndex 1 is beyond type entryCount 1
W/ResourceType( 6203): Failure getting entry for 0x7f030001 (t=2 e=1) in package 0 (error -2147483647)
W/ResourceType( 6203): getEntry failing because entryIndex 1 is beyond type entryCount 1
W/ResourceType( 6203): Failure getting entry for 0x7f030001 (t=2 e=1) in package 0 (error -2147483647)
D/dalvikvm( 2633): GC_CONCURRENT freed 1898K, 47% free 8753K/16387K, paused 13ms+2ms, total 88ms
D/dalvikvm( 2633): WAIT_FOR_CONCURRENT_GC blocked 68ms
D/dalvikvm( 2361): WAIT_FOR_CONCURRENT_GC blocked 0ms
D/PackageManager( 2361): generateServicesMap(android.accounts.AccountAuthenticator): 13 services unchanged
D/dalvikvm( 9454): GC_EXPLICIT freed 47K, 50% free 8313K/16387K, paused 2ms+3ms, total 373ms
D/dalvikvm( 4576): GC_EXPLICIT freed 591K, 41% free 9746K/16387K, paused 92ms+26ms, total 479ms
D/dalvikvm(14780): GC_EXPLICIT freed 79K, 28% free 11822K/16387K, paused 84ms+24ms, total 484ms
D/dalvikvm( 9306): GC_CONCURRENT freed 1896K, 48% free 8680K/16387K, paused 20ms+4ms, total 180ms
D/dalvikvm( 9306): WAIT_FOR_CONCURRENT_GC blocked 93ms
D/dalvikvm( 2361): GC_EXPLICIT freed 1702K, 29% free 24645K/34631K, paused 5ms+16ms, total 308ms
D/AndroidRuntime(12171): Shutting down VM
D/dalvikvm(12171): GC_CONCURRENT freed 103K, 89% free 461K/4096K, paused 1ms+2ms, total 7ms
D/jdwp    (12171): Got wake-up signal, bailing out of select
D/dalvikvm(12171): Debugger has detached; object registry had 1 entries
D/PackageManager( 2361): generateServicesMap(android.content.SyncAdapter): 25 services unchanged
D/BackupManagerService( 2361): Received broadcast Intent { act=android.intent.action.PACKAGE_REMOVED dat=package:com.fairylogic.funfashion flg=0x8000010 (has extras) }
D/PackageManager( 2361): generateServicesMap(android.accounts.AccountAuthenticator): 13 services unchanged
D/PackageManager( 2361): generateServicesMap(android.content.SyncAdapter): 25 services unchanged
D/BackupManagerService( 2361): Received broadcast Intent { act=android.intent.action.PACKAGE_ADDED dat=package:com.fairylogic.funfashion flg=0x8000010 (has extras) }
V/BackupManagerService( 2361): removePackageParticipantsLocked: uid=10145 #1
V/BackupManagerService( 2361): addPackageParticipantsLocked: #1
D/SuperStamina-Receiver( 2361): Received intent with action android.intent.action.PACKAGE_REMOVED
D/AndroidRuntime(12193): 
D/AndroidRuntime(12193): >>>>>> AndroidRuntime START com.android.internal.os.RuntimeInit <<<<<<
D/AndroidRuntime(12193): CheckJNI is OFF
D/dalvikvm(12193): Trying to load lib libjavacore.so 0x0
D/dalvikvm(12193): Added shared lib libjavacore.so 0x0
D/PackageBroadcastService( 6494): Received broadcast action=android.intent.action.PACKAGE_REMOVED and uri=com.fairylogic.funfashion
D/dalvikvm(12193): Trying to load lib libnativehelper.so 0x0
D/dalvikvm(12193): Added shared lib libnativehelper.so 0x0
I/AmazonAppstore.UpdateService(10440): Received action: com.amazon.mas.client.framework.UpdateService.APP_WAS_INSTALLED from intent: Intent { act=com.amazon.mas.client.framework.UpdateService.APP_WAS_INSTALLED cmp=com.amazon.venezia/com.amazon.mas.client.framework.UpdateService (has extras) }
D/AndroidRuntime(12193): Calling main entry com.android.commands.am.Am
I/ActivityManager( 2361): START {act=android.intent.action.MAIN cat=[android.intent.category.LAUNCHER] flg=0x10000000 cmp=com.fairylogic.funfashion/.MainActivity u=0} from pid 12193
D/SuperStamina-Receiver( 2361): Received intent with action android.intent.action.PACKAGE_ADDED
I/libblt_hw( 1863): Library opened (handle = 5, fd = 54)
D/AndroidRuntime(12193): Shutting down VM
D/dalvikvm(12193): GC_CONCURRENT freed 104K, 88% free 492K/4096K, paused 1ms+0ms, total 6ms
D/jdwp    (12193): Got wake-up signal, bailing out of select
D/dalvikvm(12193): Debugger has detached; object registry had 1 entries
D/dalvikvm(12226): Late-enabling CheckJNI
I/ActivityManager( 2361): Start proc com.fairylogic.funfashion for activity com.fairylogic.funfashion/.MainActivity: pid=12226 uid=10145 gids={3003, 1015, 1023, 1028}
I/dalvikvm(12226): Turning on JNI app bug workarounds for target SDK version 10...
E/Trace   (12226): error opening trace file: No such file or directory (2)
D/com.sonyericsson.updatecenter.launcher.UpdateCenterLauncherService( 5394): Got action android.intent.action.PACKAGE_ADDED broadcast with package name = com.fairylogic.funfashion
D/dalvikvm(12226): Trying to load lib /data/data/com.fairylogic.funfashion/lib/libFunFashion.so 0x416a0378
D/dalvikvm(12226): Added shared lib /data/data/com.fairylogic.funfashion/lib/libFunFashion.so 0x416a0378
I/FunFashion(12226): JNI_OnLoad
I/libblt_hw( 1863): Library opened (handle = 6, fd = 29)
E/STE-HWComposer( 1863): bufferIsHWMEM: Buffer handle is NULL!
E/gralloc ( 1863): [User error] handle_2_hwmem_gralloc_handle: Invalid handle
V/PhoneStatusBar( 2492): setLightsOn(true)
I/libblt_hw( 1863): Library opened (handle = 7, fd = 49)
E/STE-HWComposer( 1863): bufferIsHWMEM: Buffer handle is NULL!
E/gralloc ( 1863): [User error] handle_2_hwmem_gralloc_handle: Invalid handle
I/libblt_hw( 1863): Library closed (handle = 4, fd = 27)
D/libEGL  (12226): loaded /system/lib/egl/libEGL_mali.so
D/libEGL  (12226): loaded /system/lib/egl/libGLESv1_CM_mali.so
D/libEGL  (12226): loaded /system/lib/egl/libGLESv2_mali.so
I/FunFashion(12226): initRendering
F/libc    (12226): Fatal signal 11 (SIGSEGV) at 0x0000000c (code=1), thread 12241 (Thread-10632)
I/ActivityManager( 2361): Displayed com.fairylogic.funfashion/.MainActivity: +405ms
I/DEBUG   ( 1861): *** *** *** *** *** *** *** *** *** *** *** *** *** *** *** ***
I/DEBUG   ( 1861): Build fingerprint: 'SEMC/LT22i_1261-5847/LT22i:4.1.2/6.2.A.1.100/m_v_zg:user/release-keys'
I/DEBUG   ( 1861): pid: 12226, tid: 12241, name: Thread-10632  >>> com.fairylogic.funfashion <<<
I/DEBUG   ( 1861): signal 11 (SIGSEGV), code 1 (SEGV_MAPERR), fault addr 0000000c
W/IInputConnectionWrapper( 6203): showStatusIcon on inactive InputConnection
E/STE-HWComposer( 1863): bufferIsHWMEM: Buffer handle is NULL!
E/gralloc ( 1863): [User error] handle_2_hwmem_gralloc_handle: Invalid handle
E/STE-HWComposer( 1863): bufferIsHWMEM: Buffer handle is NULL!
E/gralloc ( 1863): [User error] handle_2_hwmem_gralloc_handle: Invalid handle
I/DEBUG   ( 1861):     r0 00000000  r1 40d95008  r2 00000009  r3 00000002
I/DEBUG   ( 1861):     r4 40d95008  r5 56d80900  r6 56fcfbe8  r7 56fcfbd8
I/DEBUG   ( 1861):     r8 56fcfc08  r9 56d99f30  sl 40d35210  fp 5d94cc6c
I/DEBUG   ( 1861):     ip 56fabec8  sp 5d94cba0  lr 56fbbd58  pc 56fbeaec  cpsr 20000010
I/DEBUG   ( 1861):     d0  0000000000000000  d1  0000000000000000
I/DEBUG   ( 1861):     d2  0000000000000000  d3  0000000000000000
I/DEBUG   ( 1861):     d4  6c79726961662e6d  d5  6e75662e6369676f
I/DEBUG   ( 1861):     d6  2d6e6f6968736166  d7  00003a6b70612e31
I/DEBUG   ( 1861):     d8  0000000000000000  d9  0000000000000000
I/DEBUG   ( 1861):     d10 0000000000000000  d11 0000000000000000
I/DEBUG   ( 1861):     d12 0000000000000000  d13 0000000000000000
I/DEBUG   ( 1861):     d14 0000000000000000  d15 0000000000000000
I/DEBUG   ( 1861):     d16 0d5d524544414853  d17 0000000000000000
I/DEBUG   ( 1861):     d18 0000000000000000  d19 0000000000000000
I/DEBUG   ( 1861):     d20 3fc554e7eb0eb47c  d21 3e66376972bea4d0
I/DEBUG   ( 1861):     d22 3f4de16b9c24a98f  d23 3fb0f4a31edab38b
I/DEBUG   ( 1861):     d24 3fede16b9c24a98f  d25 3fe55559ee5e69f9
I/DEBUG   ( 1861):     d26 0000000000000000  d27 0000000000000000
I/DEBUG   ( 1861):     d28 0000000000000005  d29 0000000000000000
I/DEBUG   ( 1861):     d30 0000000000000000  d31 0000000000000000
I/DEBUG   ( 1861):     scr 80000010
I/DEBUG   ( 1861): 
I/DEBUG   ( 1861): backtrace:
I/DEBUG   ( 1861):     #00  pc 0000faec  /data/data/com.fairylogic.funfashion/lib/libFunFashion.so (ByteArray::cstr() const)
I/DEBUG   ( 1861):     #01  pc 0000cd54  /data/data/com.fairylogic.funfashion/lib/libFunFashion.so (Shader::build()+16)
I/DEBUG   ( 1861):     #02  pc 0000cf2c  /data/data/com.fairylogic.funfashion/lib/libFunFashion.so (Shader::load(StreamReader*)+148)
I/DEBUG   ( 1861):     #03  pc 0000d070  /data/data/com.fairylogic.funfashion/lib/libFunFashion.so (Shader::Shader(char*, int)+164)
I/DEBUG   ( 1861):     #04  pc 0000d0a4  /data/data/com.fairylogic.funfashion/lib/libFunFashion.so (Shader::create(char*, int)+36)
I/DEBUG   ( 1861):     #05  pc 00012e4c  /data/data/com.fairylogic.funfashion/lib/libFunFashion.so (GUI::GUI()+84)
I/DEBUG   ( 1861):     #06  pc 00012ec4  /data/data/com.fairylogic.funfashion/lib/libFunFashion.so (GUI::create()+20)
I/DEBUG   ( 1861):     #07  pc 0000b874  /data/data/com.fairylogic.funfashion/lib/libFunFashion.so (gameInit()+36)
I/DEBUG   ( 1861):     #08  pc 0001df70  /system/lib/libdvm.so (dvmPlatformInvoke+112)
I/DEBUG   ( 1861):     #09  pc 0004d1c3  /system/lib/libdvm.so (dvmCallJNIMethod(unsigned int const*, JValue*, Method const*, Thread*)+394)
I/DEBUG   ( 1861):     #10  pc 0004f2df  /system/lib/libdvm.so (dvmResolveNativeMethod(unsigned int const*, JValue*, Method const*, Thread*)+174)
I/DEBUG   ( 1861):     #11  pc 000273a0  /system/lib/libdvm.so
I/DEBUG   ( 1861):     #12  pc 0002bca8  /system/lib/libdvm.so (dvmInterpret(Thread*, Method const*, JValue*)+180)
I/DEBUG   ( 1861):     #13  pc 0005f931  /system/lib/libdvm.so (dvmCallMethodV(Thread*, Method const*, Object*, bool, JValue*, std::__va_list)+272)
I/DEBUG   ( 1861):     #14  pc 0005f95b  /system/lib/libdvm.so (dvmCallMethod(Thread*, Method const*, Object*, JValue*, ...)+20)
I/DEBUG   ( 1861):     #15  pc 00054513  /system/lib/libdvm.so
I/DEBUG   ( 1861):     #16  pc 00012de0  /system/lib/libc.so (__thread_entry+48)
I/DEBUG   ( 1861):     #17  pc 00012538  /system/lib/libc.so (pthread_create+172)
I/DEBUG   ( 1861):     #18  pc 0000184c  <unknown>
I/DEBUG   ( 1861): 
I/DEBUG   ( 1861): stack:
I/DEBUG   ( 1861):          5d94cb60  00000001  
I/DEBUG   ( 1861):          5d94cb64  4007305b  /system/lib/libutils.so (android::ZipFileRO::inflateBuffer(void*, void const*, unsigned int, unsigned int)+174)
I/DEBUG   ( 1861):          5d94cb68  c0000000  
I/DEBUG   ( 1861):          5d94cb6c  000002fc  
I/DEBUG   ( 1861):          5d94cb70  00000000  
I/DEBUG   ( 1861):          5d94cb74  56fabec8  
I/DEBUG   ( 1861):          5d94cb78  40cd839b  
I/DEBUG   ( 1861):          5d94cb7c  00000000  
I/DEBUG   ( 1861):          5d94cb80  00001000  
I/DEBUG   ( 1861):          5d94cb84  5cdb4ef8  
I/DEBUG   ( 1861):          5d94cb88  00000000  
I/DEBUG   ( 1861):          5d94cb8c  000002fc  
I/DEBUG   ( 1861):          5d94cb90  57084fc0  
I/DEBUG   ( 1861):          5d94cb94  400fc70d  /system/lib/libc.so (dlfree+56)
I/DEBUG   ( 1861):          5d94cb98  df0027ad  
I/DEBUG   ( 1861):          5d94cb9c  00000000  
I/DEBUG   ( 1861):     #00  5d94cba0  00000000  
I/DEBUG   ( 1861):          ........  ........
I/DEBUG   ( 1861):     #01  5d94cba0  00000000  
I/DEBUG   ( 1861):          5d94cba4  000002fc  
I/DEBUG   ( 1861):          5d94cba8  00001000  
I/DEBUG   ( 1861):          5d94cbac  40d95008  
I/DEBUG   ( 1861):          5d94cbb0  56d80900  
I/DEBUG   ( 1861):          5d94cbb4  56fcfbe8  /data/data/com.fairylogic.funfashion/lib/libFunFashion.so
I/DEBUG   ( 1861):          5d94cbb8  56fcfbd8  /data/data/com.fairylogic.funfashion/lib/libFunFashion.so
I/DEBUG   ( 1861):          5d94cbbc  56fcfc08  /data/data/com.fairylogic.funfashion/lib/libFunFashion.so
I/DEBUG   ( 1861):          5d94cbc0  56d99f30  
I/DEBUG   ( 1861):          5d94cbc4  40d35210  
I/DEBUG   ( 1861):          5d94cbc8  5d94cc6c  
I/DEBUG   ( 1861):          5d94cbcc  56fbbf30  /data/data/com.fairylogic.funfashion/lib/libFunFashion.so (Shader::load(StreamReader*)+152)
I/DEBUG   ( 1861):     #02  5d94cbd0  00000001  
I/DEBUG   ( 1861):          5d94cbd4  56d80900  
I/DEBUG   ( 1861):          5d94cbd8  00000000  
I/DEBUG   ( 1861):          5d94cbdc  400bb878  
I/DEBUG   ( 1861):          5d94cbe0  00000000  
I/DEBUG   ( 1861):          5d94cbe4  56fabec8  
I/DEBUG   ( 1861):          5d94cbe8  56d99f30  
I/DEBUG   ( 1861):          5d94cbec  40d35210  
I/DEBUG   ( 1861):          5d94cbf0  5d94cc6c  
I/DEBUG   ( 1861):          5d94cbf4  56fbc074  /data/data/com.fairylogic.funfashion/lib/libFunFashion.so (Shader::Shader(char*, int)+168)
I/DEBUG   ( 1861): 
I/DEBUG   ( 1861): memory near r1:
I/DEBUG   ( 1861):     40d94fe8 40cecfe0 00000001 00000000 00000007  ...@............
I/DEBUG   ( 1861):     40d94ff8 00000007 00000007 00000000 00000313  ................
I/DEBUG   ( 1861):     40d95008 56fd35f8 00000002 00000001 5c2f7d40  .5.V........@}/\
I/DEBUG   ( 1861):     40d95018 00000000 570a6408 00000000 00000000  .....d.W........
I/DEBUG   ( 1861):     40d95028 00000001 00000000 00000000 00000000  ................
I/DEBUG   ( 1861): 
I/DEBUG   ( 1861): memory near r4:
I/DEBUG   ( 1861):     40d94fe8 40cecfe0 00000001 00000000 00000007  ...@............
I/DEBUG   ( 1861):     40d94ff8 00000007 00000007 00000000 00000313  ................
I/DEBUG   ( 1861):     40d95008 56fd35f8 00000002 00000001 5c2f7d40  .5.V........@}/\
I/DEBUG   ( 1861):     40d95018 00000000 570a6408 00000000 00000000  .....d.W........
I/DEBUG   ( 1861):     40d95028 00000001 00000000 00000000 00000000  ................
I/DEBUG   ( 1861): 
I/DEBUG   ( 1861): memory near r5:
I/DEBUG   ( 1861):     56d808e0 00000002 00000000 570af0c0 00000013  ...........W....
I/DEBUG   ( 1861):     56d808f0 00000004 00000000 570af0c0 0000050b  ...........W....
I/DEBUG   ( 1861):     56d80900 56fd3398 00000001 00000000 5c2f7d20  .3.V........ }/\
I/DEBUG   ( 1861):     56d80910 400bb878 00000000 00000000 00002710  x..@.........'..
I/DEBUG   ( 1861):     56d80920 00670001 00000408 00650000 00000302  ..g.......e.....
I/DEBUG   ( 1861): 
I/DEBUG   ( 1861): memory near r6:
I/DEBUG   ( 1861):     56fcfbc8 4c472f5b 005d4c53 005d305b 00000000  [/GLSL].[0].....
I/DEBUG   ( 1861):     56fcfbd8 4646455b 5d544345 00000000 00000000  [EFFECT]........
I/DEBUG   ( 1861):     56fcfbe8 5245565b 53584554 45444148 00005d52  [VERTEXSHADER]..
I/DEBUG   ( 1861):     56fcfbf8 45562f5b 58455452 44414853 005d5245  [/VERTEXSHADER].
I/DEBUG   ( 1861):     56fcfc08 4152465b 4e454d47 41485354 5d524544  [FRAGMENTSHADER]
I/DEBUG   ( 1861): 
I/DEBUG   ( 1861): memory near r7:
I/DEBUG   ( 1861):     56fcfbb8 46494e55 004d524f 534c475b 00005d4c  UNIFORM.[GLSL]..
I/DEBUG   ( 1861):     56fcfbc8 4c472f5b 005d4c53 005d305b 00000000  [/GLSL].[0].....
I/DEBUG   ( 1861):     56fcfbd8 4646455b 5d544345 00000000 00000000  [EFFECT]........
I/DEBUG   ( 1861):     56fcfbe8 5245565b 53584554 45444148 00005d52  [VERTEXSHADER]..
I/DEBUG   ( 1861):     56fcfbf8 45562f5b 58455452 44414853 005d5245  [/VERTEXSHADER].
I/DEBUG   ( 1861): 
I/DEBUG   ( 1861): memory near r8:
I/DEBUG   ( 1861):     56fcfbe8 5245565b 53584554 45444148 00005d52  [VERTEXSHADER]..
I/DEBUG   ( 1861):     56fcfbf8 45562f5b 58455452 44414853 005d5245  [/VERTEXSHADER].
I/DEBUG   ( 1861):     56fcfc08 4152465b 4e454d47 41485354 5d524544  [FRAGMENTSHADER]
I/DEBUG   ( 1861):     56fcfc18 00000000 00000000 52462f5b 454d4741  ........[/FRAGME
I/DEBUG   ( 1861):     56fcfc28 4853544e 52454441 0000005d 00000000  NTSHADER].......
I/DEBUG   ( 1861): 
I/DEBUG   ( 1861): memory near r9:
I/DEBUG   ( 1861):     56d99f10 571e4758 58d25794 56d99f44 5c5fbe70  XG.W.W.XD..Vp._\
I/DEBUG   ( 1861):     56d99f20 57420118 00000000 00000000 416a72d0  ..BW.........rjA
I/DEBUG   ( 1861):     56d99f30 56d99f6c 58add3d6 574201f8 5c5fbe70  l..V...X..BWp._\
I/DEBUG   ( 1861):     56d99f40 00000000 5741de58 00000001 416a72d0  ....X.AW.....rjA
I/DEBUG   ( 1861):     56d99f50 416b1ab0 416b1950 56d99fdc 58adda30  ..kAP.kA...V0..X
I/DEBUG   ( 1861): 
I/DEBUG   ( 1861): memory near sl:
I/DEBUG   ( 1861):     40d351f0 7275632d ffff0072 00000090 00000453  -curr.......S...
I/DEBUG   ( 1861):     40d35200 58add9fc 56d99f2c 574201f8 56d86000  ...X,..V..BW.`.V
I/DEBUG   ( 1861):     40d35210 416a72d0 5c22ccd8 5d94cda8 00000000  .rjA.."\...]....
I/DEBUG   ( 1861):     40d35220 5d94cddc 0000000b 00000000 40794100  ...].........Ay@
I/DEBUG   ( 1861):     40d35230 00000000 00000000 56583f70 56d96300  ........p?XV.c.V
I/DEBUG   ( 1861): 
I/DEBUG   ( 1861): memory near fp:
I/DEBUG   ( 1861):     5d94cc4c 57420118 40d35200 40793f74 56d99f2c  ..BW.R.@t?y@,..V
I/DEBUG   ( 1861):     5d94cc5c 00000001 416a72d0 00000000 00000000  .....rjA........
I/DEBUG   ( 1861):     5d94cc6c 407c31c7 56d99f2c 5c62cff4 56fba71c  .1|@,..V..b\...V
I/DEBUG   ( 1861):     5d94cc7c 40d35210 00000000 00000000 58175f50  .R.@........P_.X
I/DEBUG   ( 1861):     5d94cc8c 40137acc 00000000 400fc70d 400fc6d5  .z.@.......@...@
I/DEBUG   ( 1861): 
I/DEBUG   ( 1861): memory near ip:
I/DEBUG   ( 1861):     56fabea8 00000002 00000000 5707aae8 00000013  ...........W....
I/DEBUG   ( 1861):     56fabeb8 00000004 00000000 5707aae8 00000303  ...........W....
I/DEBUG   ( 1861):     56fabec8 46455b20 54434546 0a0d205d 4d414e09   [EFFECT] ...NAM
I/DEBUG   ( 1861):     56fabed8 20202045 61685320 47726564 0a0d4955  E    ShaderGUI..
I/DEBUG   ( 1861):     56fabee8 41090a0d 49525454 45545542 566e6920  ...ATTRIBUTE inV
I/DEBUG   ( 1861): 
I/DEBUG   ( 1861): memory near sp:
I/DEBUG   ( 1861):     5d94cb80 00001000 5cdb4ef8 00000000 000002fc  .....N.\........
I/DEBUG   ( 1861):     5d94cb90 57084fc0 400fc70d df0027ad 00000000  .O.W...@.'......
I/DEBUG   ( 1861):     5d94cba0 00000000 000002fc 00001000 40d95008  .............P.@
I/DEBUG   ( 1861):     5d94cbb0 56d80900 56fcfbe8 56fcfbd8 56fcfc08  ...V...V...V...V
I/DEBUG   ( 1861):     5d94cbc0 56d99f30 40d35210 5d94cc6c 56fbbf30  0..V.R.@l..]0..V
I/DEBUG   ( 1861): 
I/DEBUG   ( 1861): code around pc:
I/DEBUG   ( 1861):     56fbeacc e1a04000 ebffffeb ebfffdf7 e3a01018  .@..............
I/DEBUG   ( 1861):     56fbeadc ebfffe0a e1a01004 e8bd4010 eafffd67  .........@..g...
I/DEBUG   ( 1861):     56fbeaec e590000c e12fff1e e5900010 e12fff1e  ....../......./.
I/DEBUG   ( 1861):     56fbeafc e92d4070 e59f4038 e3a05000 e1a06000  p@-.8@...P...`..
I/DEBUG   ( 1861):     56fbeb0c e79f4004 e1a01005 e5805010 e5940000  .@.......P......
I/DEBUG   ( 1861): 
I/DEBUG   ( 1861): code around lr:
I/DEBUG   ( 1861):     56fbbd38 03a00000 e28dd008 e8bd8070 e92d4ff0  ........p....O-.
I/DEBUG   ( 1861):     56fbbd48 e1a05000 e24dd00c e5900014 eb000b64  .P....M.....d...
I/DEBUG   ( 1861):     56fbbd58 ebffffaf e585003c e5950018 eb000b60  ....<.......`...
I/DEBUG   ( 1861):     56fbbd68 ebffffc4 e1a01000 e5850040 e595003c  ........@...<...
I/DEBUG   ( 1861):     56fbbd78 ebffffd9 e5850038 eb0007f9 e5953010  ....8........0..
E/STE-HWComposer( 1863): bufferIsHWMEM: Buffer handle is NULL!
E/gralloc ( 1863): [User error] handle_2_hwmem_gralloc_handle: Invalid handle
I/libblt_hw( 1863): Library closed (handle = 5, fd = 54)
E/STE-HWComposer( 1863): bufferIsHWMEM: Buffer handle is NULL!
E/gralloc ( 1863): [User error] handle_2_hwmem_gralloc_handle: Invalid handle
I/BootReceiver( 2361): Copying /data/tombstones/tombstone_03 to DropBox (SYSTEM_TOMBSTONE)
I/WindowState( 2361): WIN DEATH: Window{421e15a8 SurfaceView paused=false}
I/ActivityManager( 2361): Process com.fairylogic.funfashion (pid 12226) has died.
I/WindowState( 2361): WIN DEATH: Window{421be710 com.fairylogic.funfashion/com.fairylogic.funfashion.MainActivity paused=false}
W/ActivityManager( 2361): Force removing ActivityRecord{417dc890 com.fairylogic.funfashion/.MainActivity}: app died, no saved state
I/libblt_hw( 1863): Library closed (handle = 7, fd = 49)
I/libblt_hw( 1863): Library closed (handle = 6, fd = 29)
D/Zygote  ( 1864): Process 12226 terminated by signal (11)
I/libblt_hw( 1863): Library opened (handle = 4, fd = 27)
W/InputMethodManagerService( 2361): Got RemoteException sending setActive(false) notification to pid 12226 uid 10145
I/Icing.InternalIcingCorporaProvider( 4576): Updating corpora: A: com.fairylogic.funfashion, C: MAYBE
D/PackageBroadcastService( 6494): Received broadcast action=android.intent.action.PACKAGE_ADDED and uri=com.fairylogic.funfashion
D/PackageAddedReceiver( 6476): package added com.fairylogic.funfashion
I/PeopleContactsSync( 6494): CP2 sync disabled
I/AmazonAppstore.UpdateService(10440): Received action: com.amazon.mas.client.framework.UpdateService.APP_WAS_REPLACED from intent: Intent { act=com.amazon.mas.client.framework.UpdateService.APP_WAS_REPLACED cmp=com.amazon.venezia/com.amazon.mas.client.framework.UpdateService (has extras) }
D/com.sonyericsson.updatecenter.launcher.UpdateCenterLauncherService( 5394): Got action android.intent.action.PACKAGE_REPLACED broadcast with package name = com.fairylogic.funfashion
D/PackageBroadcastService( 6494): Received broadcast action=android.intent.action.PACKAGE_REPLACED and uri=com.fairylogic.funfashion
D/dalvikvm(27004): GC_CONCURRENT freed 1919K, 35% free 10771K/16387K, paused 2ms+3ms, total 255ms
D/dalvikvm(27004): WAIT_FOR_CONCURRENT_GC blocked 229ms
I/PeopleContactsSync( 6494): CP2 sync disabled
I/CrashMonitor( 9592): CrashMonitorServiceBroadcastReceiver: Forwarding intent: android.intent.action.DROPBOX_ENTRY_ADDED tag: SYSTEM_TOMBSTONE
D/YandexAccountManager(27004): master is com.yandex.store
I/CrashMonitor( 9592): CrashMonitorService: Service started...
I/CrashMonitor( 9592): CrashMonitorService: onHandleIntent action: android.intent.action.DROPBOX_ENTRY_ADDED
D/dalvikvm( 9306): GC_CONCURRENT freed 1880K, 48% free 8643K/16387K, paused 5ms+34ms, total 111ms
D/dalvikvm( 9306): WAIT_FOR_CONCURRENT_GC blocked 63ms
D/dalvikvm( 9609): Trying to load lib /data/data/com.sonyericsson.android.bootinfo/lib/libMiscTaAccessor.so 0x4169da68
D/dalvikvm( 9609): Shared lib '/data/data/com.sonyericsson.android.bootinfo/lib/libMiscTaAccessor.so' already loaded in same CL 0x4169da68
D/BackupAccountsLogic(27004): copyActualAccountsFromSystem()
I/Icing   ( 6494): Indexing F8B0949BD81BD30DD3E45992C8B70D8AD215EC6D from com.google.android.googlequicksearchbox
W/ActivityManager( 2361): Permission denied: checkComponentPermission() owningUid=10035
W/ActivityManager( 2361): Permission denied: checkComponentPermission() owningUid=10035
W/ActivityManager( 2361): Permission denied: checkComponentPermission() owningUid=10035
W/ActivityManager( 2361): Permission denied: checkComponentPermission() owningUid=10035
W/ActivityManager( 2361): Permission denied: checkComponentPermission() owningUid=10035
W/ActivityManager( 2361): Permission denied: checkComponentPermission() owningUid=10035
I/tad     ( 1454): MiscTA Unit 10010: 
I/tad     ( 1454): WRITTEN (Size 10)
W/ActivityManager( 2361): Permission denied: checkComponentPermission() owningUid=10035
W/ActivityManager( 2361): Permission denied: checkComponentPermission() owningUid=10035
W/ActivityManager( 2361): Permission denied: checkComponentPermission() owningUid=10035
W/ActivityManager( 2361): Permission denied: checkComponentPermission() owningUid=10035
I/tad     ( 1454): Actual erase/write to flash done (count 34, time 1393657757).
I/tad     ( 1454): MiscTA: Write of unit 10010 completed - OK
I/tad     ( 1454): MiscTA Unit 10004: 
I/tad     ( 1454): WRITTEN (Size 4707)
I/Icing   ( 6494): Indexing done F8B0949BD81BD30DD3E45992C8B70D8AD215EC6D
I/tad     ( 1454): Actual erase/write to flash done (count 35, time 1393657757).
I/tad     ( 1454): MiscTA: Write of unit 10004 completed - OK
I/CrashMonitor( 9592): CrashMonitorService: Service stopped...
D/StatusBar.NetworkController( 2492): onSignalStrengthsChanged signalStrength=SignalStrength: 20 -1 -1 -1 -1 -1 -1 -1 -1 -1 -1 -1 gsm|lte level=4
D/StatusBar.NetworkController( 2492): refreshViews connected={ } level=4 combinedSignalIconId=0x7f02009a/com.android.systemui:drawable/stat_sys_signal_4 combinedActivityIconId=0x0 mobileLabel=VIETTEL wifiLabel= emergencyOnly=false combinedLabel=VIETTEL mAirplaneMode=false mDataActivity=0 mPhoneSignalIconId=0x7f02009a mDataDirectionIconId=0x0 mDataSignalIconId=0x7f02009a mDataTypeIconId=0x0 mNoSimIconId=0x0 mWifiIconId=0x0 mBluetoothTetherIconId=0x10808e7
D/dalvikvm( 9351): GC_CONCURRENT freed 6190K, 40% free 9929K/16387K, paused 14ms+7ms, total 103ms
D/dalvikvm( 2361): GC_CONCURRENT freed 4056K, 29% free 24642K/34631K, paused 7ms+15ms, total 202ms
D/Finsky  ( 9351): [1] 5.onFinished: Installation state replication succeeded.
D/StatusBar.NetworkController( 2492): onSignalStrengthsChanged signalStrength=SignalStrength: 21 -1 -1 -1 -1 -1 -1 -1 -1 -1 -1 -1 gsm|lte level=4
D/StatusBar.NetworkController( 2492): refreshViews connected={ } level=4 combinedSignalIconId=0x7f02009a/com.android.systemui:drawable/stat_sys_signal_4 combinedActivityIconId=0x0 mobileLabel=VIETTEL wifiLabel= emergencyOnly=false combinedLabel=VIETTEL mAirplaneMode=false mDataActivity=0 mPhoneSignalIconId=0x7f02009a mDataDirectionIconId=0x0 mDataSignalIconId=0x7f02009a mDataTypeIconId=0x0 mNoSimIconId=0x0 mWifiIconId=0x0 mBluetoothTetherIconId=0x10808e7
